IBM XL Fortran for Linux, V16.1 (Beta 1) Version 16.01.0000.0000 --- res_calc_omp4kernel.F90 04/06/17 14:23:41
 
>>>>> OPTIONS SECTION <<<<<
***   Options In Effect   ***
  
         ==  On / Off Options  ==
         CCLINES         CR              ESCAPE          I4
         INLGLUE         NOLIBESSL       NOLIBPOSIX      OBJECT
         OFFLOAD         NOSTRICT        SWAPOMP         THREADED
         UNWIND          ZEROSIZE
  
         ==  Options Of Integer Type ==
         MAXMEM(-1)            OPTIMIZE(3)           SPILLSIZE(512)
         STACKTEMP(0)
  
         ==  Options of Integer and Character Type ==
         SMP(OMP,SCHEDULE(AUTO))
         INLINE(AUTO,LEVEL(10))
         HOT(VECTOR,FASTMATH,LEVEL(1))
         SIMD(AUTO)
         UNROLL(AUTO)
  
         ==  Options Of Character Type  ==
         64()                  ALIAS(STD,NOINTPTR)   ALIGN(BINDC(LINUXPPC),STRUCT(NATURAL))
         ARCH(PWR8)            AUTODBL(NONE)         CUDAERRORCHK(STMTS)
         DESCRIPTOR(V1)        DIRECTIVE(IBM*,IBMT,SMP$,$OMP,IBMP)
         ENUM()                FLAG(I,I)             FLOAT(MAF,FOLD,RSQRT)
         FREE(F90)             GNU_VERSION(DOT_TRIPLE)
         HALT(S)               IEEE(NEAR)            INTSIZE(4)
         LANGLVL(EXTENDED)     REALSIZE(4)           REPORT(HOTLIST,SMPLIST)
         TUNE(PWR8,ST)         XFLAG()               XLF2003(NOPOLYMORPHIC,NOBOZLITARGS,NOSTOPEXCEPT,NOVOLATILE,NOAUTOREALLOC,OLDNANINF)
         XLF2008(NOCHECKPRESENCE)
         XLF77(LEADZERO,BLANKPAD)
         XLF90(NOSIGNEDZERO,NOAUTODEALLOC,OLDPAD)
  
>>>>> SOURCE SECTION <<<<<
** res_calc_module   === End of Compilation 1 ===
 
>>>>> PARALLELIZATION AND LOOP TRANSFORMATION SECTION <<<<<

 
 
>>>>> FILE TABLE SECTION <<<<<
 
 
                                       FILE CREATION        FROM
FILE NO   FILENAME                    DATE       TIME       FILE    LINE
     0    res_calc_omp4kernel.F90     04/06/17   14:23:41
 
 
>>>>> COMPILATION EPILOGUE SECTION <<<<<
 
 
FORTRAN Summary of Diagnosed Conditions
 
TOTAL   UNRECOVERABLE  SEVERE       ERROR     WARNING    INFORMATIONAL
               (U)       (S)         (E)        (W)          (I)
    0           0         0           0          0            0
 
 
    Source records read.......................................     300
1501-510  Compilation successful for file res_calc_omp4kernel.F90.
1501-543  Object file created.
